2026-08-22 20:18:11,835 INFO Date=2026-08-23 selected=haseeb-ahmed29/project-demo position=1/84 new=False dry_run=True
2026-08-22 20:18:11,838 INFO Result=no_action_needed action=Dry run: would inspect haseeb-ahmed29/project-demo on main next_position=2
2026-08-23 05:33:23,007 INFO No repository selected: the daily rotation for 2026-08-23 is already complete or the queue is empty
2026-08-24 05:41:45,032 INFO Date=2026-08-24 selected=haseeb-ahmed29/project1 position=2/85 new=False dry_run=True
2026-08-24 05:41:45,034 INFO Result=no_action_needed action=Dry run: would inspect haseeb-ahmed29/project1 on main next_position=3
2026-08-25 05:35:54,372 INFO Date=2026-08-25 selected=haseeb-ahmed29/project-gamey position=3/86 new=False dry_run=True
2026-08-25 05:35:54,374 INFO Result=no_action_needed action=Dry run: would inspect haseeb-ahmed29/project-gamey on main next_position=4
2026-08-26 05:38:27,314 INFO Date=2026-08-26 selected=haseeb-ahmed29/E-Project position=4/86 new=False dry_run=True
2026-08-26 05:38:27,316 INFO Result=no_action_needed action=Dry run: would inspect haseeb-ahmed29/E-Project on main next_position=5
2026-08-27 16:18:06,730 INFO Date=2026-08-27 selected=haseeb-ahmed29/AllAbtNobel position=5/88 new=False dry_run=False
2026-08-27 16:18:07,731 INFO Updated README.md in haseeb-ahmed29/AllAbtNobel with commit b422da061edfd138fddbbe06611978063787dfc8
2026-08-27 16:18:07,733 INFO Result=completed action=Updated README.md with today's maintenance record next_position=6
2026-08-28 17:13:37,976 INFO Date=2026-08-28 selected=haseeb-ahmed29/zapcartpk position=6/88 new=False dry_run=False
2026-08-28 17:13:39,274 INFO Updated README.md in haseeb-ahmed29/zapcartpk with commit 9e3ccbff65c3130c14db306b853ed48b1c84cf3e
2026-08-28 17:13:39,277 INFO Result=completed action=Updated README.md with today's maintenance record next_position=7
2026-08-29 11:31:45,326 INFO Date=2026-08-29 selected=haseeb-ahmed29/EmployeeDirectory position=7/88 new=False dry_run=False
2026-08-29 11:31:46,510 INFO Updated README.md in haseeb-ahmed29/EmployeeDirectory with commit 7bb2165ab7b03624e74144b77be823749f95a5ce
2026-08-29 11:31:46,512 INFO Result=completed action=Updated README.md with today's maintenance record next_position=8
2026-08-30 10:24:17,582 INFO Date=2026-08-30 selected=haseeb-ahmed29/ProductApp1 position=8/88 new=False dry_run=False
2026-08-30 10:24:18,477 INFO Updated README.md in haseeb-ahmed29/ProductApp1 with commit e5fdbb37523bef8e0e7d8be0c7b58a88cd470557
2026-08-30 10:24:18,481 INFO Result=completed action=Updated README.md with today's maintenance record next_position=9
2026-08-31 11:28:58,660 INFO Date=2026-08-31 selected=haseeb-ahmed29/MediSynora position=9/88 new=False dry_run=False
2026-08-31 11:28:59,624 INFO Updated README.md in haseeb-ahmed29/MediSynora with commit a4209bce9792f4ea382c22eb87e4818b5fc41453
2026-08-31 11:28:59,627 INFO Result=completed action=Updated README.md with today's maintenance record next_position=10
2026-09-01 09:51:14,884 INFO Date=2026-09-01 selected=itzzrafayy/ProductApp position=10/88 new=False dry_run=False
2026-09-01 09:51:15,295 ERROR Processing failed for itzzrafayy/ProductApp
Traceback (most recent call last):
  File "/home/runner/work/github-daily-pipeline/github-daily-pipeline/src/main.py", line 37, in main
    status, action, commit_sha, push_result = process(target, dry_run, logger, client=client, run_date=run_date)
                                              ^^^^^^^^^^^^^^^^^^^^^^^^^^^^^^^^^^^^^^^^^^^^^^^^^^^^^^^^^^^^^^^^^^
  File "/home/runner/work/github-daily-pipeline/github-daily-pipeline/src/processor/engine.py", line 57, in process
    response = client.update_readme(
               ^^^^^^^^^^^^^^^^^^^^^
  File "/home/runner/work/github-daily-pipeline/github-daily-pipeline/src/github_api/client.py", line 59, in update_readme
    return self.request(f"/repos/{full_name}/contents/README.md", method="PUT", payload=payload)
           ^^^^^^^^^^^^^^^^^^^^^^^^^^^^^^^^^^^^^^^^^^^^^^^^^^^^^^^^^^^^^^^^^^^^^^^^^^^^^^^^^^^^^
  File "/home/runner/work/github-daily-pipeline/github-daily-pipeline/src/github_api/client.py", line 31, in request
    with urlopen(request, timeout=30) as response:
         ^^^^^^^^^^^^^^^^^^^^^^^^^^^^
  File "/opt/hostedtoolcache/Python/3.12.14/x64/lib/python3.12/urllib/request.py", line 215, in urlopen
    return opener.open(url, data, timeout)
           ^^^^^^^^^^^^^^^^^^^^^^^^^^^^^^^
  File "/opt/hostedtoolcache/Python/3.12.14/x64/lib/python3.12/urllib/request.py", line 521, in open
    response = meth(req, response)
               ^^^^^^^^^^^^^^^^^^^
  File "/opt/hostedtoolcache/Python/3.12.14/x64/lib/python3.12/urllib/request.py", line 630, in http_response
    response = self.parent.error(
               ^^^^^^^^^^^^^^^^^^
  File "/opt/hostedtoolcache/Python/3.12.14/x64/lib/python3.12/urllib/request.py", line 559, in error
    return self._call_chain(*args)
           ^^^^^^^^^^^^^^^^^^^^^^^
  File "/opt/hostedtoolcache/Python/3.12.14/x64/lib/python3.12/urllib/request.py", line 492, in _call_chain
    result = func(*args)
             ^^^^^^^^^^^
  File "/opt/hostedtoolcache/Python/3.12.14/x64/lib/python3.12/urllib/request.py", line 639, in http_error_default
    raise HTTPError(req.full_url, code, msg, hdrs, fp)
urllib.error.HTTPError: HTTP Error 403: Forbidden
2026-09-02 09:23:07,863 INFO Date=2026-09-02 selected=haseeb-ahmed29/haseeb-eid-wishes position=11/88 new=False dry_run=False
2026-09-02 09:23:09,227 INFO Updated README.md in haseeb-ahmed29/haseeb-eid-wishes with commit 32e213a6ab169d1c7608063d8b4da108047dca0e
2026-09-02 09:23:09,229 INFO Result=completed action=Updated README.md with today's maintenance record next_position=12
2026-09-03 09:32:43,857 INFO Date=2026-09-03 selected=haseeb-ahmed29/Carevionix position=12/88 new=False dry_run=False
2026-09-03 09:32:45,171 INFO Updated README.md in haseeb-ahmed29/Carevionix with commit fbd719a62b2d55fe22b978c4dd883063a6dc819e
2026-09-03 09:32:45,173 INFO Result=completed action=Updated README.md with today's maintenance record next_position=13
2026-09-04 09:24:58,530 INFO Date=2026-09-04 selected=haseeb-ahmed29/the-valentem position=13/89 new=False dry_run=False
2026-09-04 09:24:59,403 INFO Updated README.md in haseeb-ahmed29/the-valentem with commit 205e82ab65c9dbb793d9e61b28df431600978836
2026-09-04 09:24:59,406 INFO Result=completed action=Updated README.md with today's maintenance record next_position=14
2026-09-05 08:53:46,477 INFO Date=2026-09-05 selected=haseeb-ahmed29/StudentAPI2 position=14/89 new=False dry_run=False
2026-09-05 08:53:47,619 INFO Updated README.md in haseeb-ahmed29/StudentAPI2 with commit fb04e121dabc9e87add0f6a2ddbd39bb2ad91cb7
2026-09-05 08:53:47,621 INFO Result=completed action=Updated README.md with today's maintenance record next_position=15
2026-09-06 09:13:31,153 INFO Date=2026-09-06 selected=haseeb-ahmed29/gettzpro.com position=15/89 new=False dry_run=False
2026-09-06 09:13:32,017 INFO Updated README.md in haseeb-ahmed29/gettzpro.com with commit 7592a74edb91025193da9596a26d12fdeb06ada2
2026-09-06 09:13:32,019 INFO Result=completed action=Updated README.md with today's maintenance record next_position=16
2026-09-07 10:02:04,060 INFO Date=2026-09-07 selected=haseeb-ahmed29/ProductInventoryAPI position=16/89 new=False dry_run=False
2026-09-07 10:02:05,287 INFO Updated README.md in haseeb-ahmed29/ProductInventoryAPI with commit f729850ed5b41ef6e1290e4d1524d7601b6977f9
2026-09-07 10:02:05,289 INFO Result=completed action=Updated README.md with today's maintenance record next_position=17
2026-09-08 09:27:33,052 INFO Date=2026-09-08 selected=haseeb-ahmed29/Alrahvaya position=17/89 new=False dry_run=False
2026-09-08 09:27:34,601 INFO Updated README.md in haseeb-ahmed29/Alrahvaya with commit ef6f8e7b4f827bce407922168f3a88847e9fd5de
2026-09-08 09:27:34,603 INFO Result=completed action=Updated README.md with today's maintenance record next_position=18
2026-09-09 09:29:21,759 INFO Date=2026-09-09 selected=haseeb-ahmed29/sql-query position=18/89 new=False dry_run=False
2026-09-09 09:29:22,798 INFO Updated README.md in haseeb-ahmed29/sql-query with commit cfabd53151b917d7397eee6ef3d7ecd85f0cca57
2026-09-09 09:29:22,801 INFO Result=completed action=Updated README.md with today's maintenance record next_position=19
2026-09-10 09:28:16,986 INFO Date=2026-09-10 selected=haseeb-ahmed29/Hr_Managment_System position=19/89 new=False dry_run=False
2026-09-10 09:28:18,331 INFO Updated README.md in haseeb-ahmed29/Hr_Managment_System with commit c5812e362cf33c53b2fd86beff0c6e1a9db0b84b
2026-09-10 09:28:18,335 INFO Result=completed action=Updated README.md with today's maintenance record next_position=20
2026-09-11 09:26:07,800 INFO Date=2026-09-11 selected=haseeb-ahmed29/accessibility-contrast-checker position=20/89 new=False dry_run=False
2026-09-11 09:26:08,794 INFO Updated README.md in haseeb-ahmed29/accessibility-contrast-checker with commit a207bf033236314f3deb05a2f00f1ec6ef849d96
2026-09-11 09:26:08,797 INFO Result=completed action=Updated README.md with today's maintenance record next_position=21
2026-09-12 09:07:57,700 INFO Date=2026-09-12 selected=haseeb-ahmed29/cv-resume-builder position=21/89 new=False dry_run=False
2026-09-12 09:07:58,755 INFO Updated README.md in haseeb-ahmed29/cv-resume-builder with commit 659255012145a3454de6738cf4ca87dedbc3c554
2026-09-12 09:07:58,757 INFO Result=completed action=Updated README.md with today's maintenance record next_position=22
2026-09-13 10:05:17,559 INFO Date=2026-09-13 selected=haseeb-ahmed29/daily-expense-tracker position=22/90 new=False dry_run=False
2026-09-13 10:05:19,040 INFO Updated README.md in haseeb-ahmed29/daily-expense-tracker with commit 5235f351f83b8a401c4d5f32f6efad1333f6b665
2026-09-13 10:05:19,042 INFO Result=completed action=Updated README.md with today's maintenance record next_position=23
2026-09-14 10:27:52,165 INFO Date=2026-09-14 selected=haseeb-ahmed29/focus-pomodoro-planner position=23/90 new=False dry_run=False
2026-09-14 10:27:53,269 INFO Updated README.md in haseeb-ahmed29/focus-pomodoro-planner with commit dafaeaea1015d8f9d0df56b1d92ad866f7cf39c8
2026-09-14 10:27:53,271 INFO Result=completed action=Updated README.md with today's maintenance record next_position=24
2026-09-15 09:53:14,347 INFO Date=2026-09-15 selected=haseeb-ahmed29/image-compressor position=24/90 new=False dry_run=False
2026-09-15 09:53:15,709 INFO Updated README.md in haseeb-ahmed29/image-compressor with commit 15da347e396422c3a4d8ccfe6a670063780dec03
2026-09-15 09:53:15,712 INFO Result=completed action=Updated README.md with today's maintenance record next_position=25
2026-09-16 09:46:45,277 INFO Date=2026-09-16 selected=haseeb-ahmed29/job-application-tracker position=25/90 new=False dry_run=False
2026-09-16 09:46:46,401 INFO Updated README.md in haseeb-ahmed29/job-application-tracker with commit bb4cad336b06cfa84fb68a28b9510fff1c0ef26b
2026-09-16 09:46:46,405 INFO Result=completed action=Updated README.md with today's maintenance record next_position=26
2026-09-17 09:54:00,036 INFO Date=2026-09-17 selected=haseeb-ahmed29/markdown-notes-editor position=26/90 new=False dry_run=False
2026-09-17 09:54:01,045 INFO Updated README.md in haseeb-ahmed29/markdown-notes-editor with commit 74e3670c325e45a80a1ed45f9cddf58324b2f095
2026-09-17 09:54:01,048 INFO Result=completed action=Updated README.md with today's maintenance record next_position=27
2026-09-18 09:30:30,960 INFO Date=2026-09-18 selected=haseeb-ahmed29/meeting-action-board position=27/90 new=False dry_run=False
2026-09-18 09:30:32,048 INFO Updated README.md in haseeb-ahmed29/meeting-action-board with commit b8b3743b2d3fd5bc51d5e78b542e21ce79b3ffe5
2026-09-18 09:30:32,051 INFO Result=completed action=Updated README.md with today's maintenance record next_position=28
2026-09-19 09:18:13,574 INFO Date=2026-09-19 selected=haseeb-ahmed29/personal-link-in-bio position=28/90 new=False dry_run=False
2026-09-19 09:18:14,590 INFO Updated README.md in haseeb-ahmed29/personal-link-in-bio with commit 7dfc2005078b09becc1919e0e8733e673ff487ed
2026-09-19 09:18:14,593 INFO Result=completed action=Updated README.md with today's maintenance record next_position=29
2026-09-20 09:40:00,047 INFO Date=2026-09-20 selected=haseeb-ahmed29/qr-code-studio position=29/90 new=False dry_run=False
2026-09-20 09:40:00,857 INFO Updated README.md in haseeb-ahmed29/qr-code-studio with commit 4f1c427cf5dd22a834b18603addf94ec7b3c01e3
2026-09-20 09:40:00,860 INFO Result=completed action=Updated README.md with today's maintenance record next_position=30
